// Jest Snapshot v1, https://goo.gl/fbAQLP

exports[`Pruebas en <GifItem /> Debe hacer match con el snapshop 1`] = `
<div>
  <div
    class="card"
  >
    <img
      alt="Mokoto Kusanagi"
      src="http://localhost:5173/"
    />
    <p>
      Mokoto Kusanagi
    </p>
  </div>
</div>
`;
